w:\2026-03-23 maschine3userscreen\maschine3userscreen.github.base\maschine3userscreen\x64\debug\vc143.pdb
w:\2026-03-23 maschine3userscreen\maschine3userscreen.github.base\maschine3userscreen\x64\debug\vc143.idb
w:\2026-03-23 maschine3userscreen\maschine3userscreen.github.base\maschine3userscreen\x64\debug\udp_osc_transport.obj
w:\2026-03-23 maschine3userscreen\maschine3userscreen.github.base\maschine3userscreen\x64\debug\sciterwindow.obj
w:\2026-03-23 maschine3userscreen\maschine3userscreen.github.base\maschine3userscreen\x64\debug\scitertemplate.obj
w:\2026-03-23 maschine3userscreen\maschine3userscreen.github.base\maschine3userscreen\x64\debug\scitersession.obj
w:\2026-03-23 maschine3userscreen\maschine3userscreen.github.base\maschine3userscreen\x64\debug\menu.obj
w:\2026-03-23 maschine3userscreen\maschine3userscreen.github.base\maschine3userscreen\x64\debug\maschine3userscreen.obj
w:\2026-03-23 maschine3userscreen\maschine3userscreen.github.base\maschine3userscreen\x64\debug\maschine3controlsrouter.obj
w:\2026-03-23 maschine3userscreen\maschine3userscreen.github.base\maschine3userscreen\x64\debug\main.obj
w:\2026-03-23 maschine3userscreen\maschine3userscreen.github.base\maschine3userscreen\x64\debug\sciter-main.obj
w:\2026-03-23 maschine3userscreen\maschine3userscreen.github.base\maschine3userscreen\x64\debug\graphichelpers.obj
w:\2026-03-23 maschine3userscreen\maschine3userscreen.github.base\maschine3userscreen\x64\debug\bannerdemo.obj
w:\2026-03-23 maschine3userscreen\maschine3userscreen.github.base\x64\debug\maschine3userscreen.exe
w:\2026-03-23 maschine3userscreen\maschine3userscreen.github.base\x64\debug\maschine3userscreen.pdb
w:\2026-03-23 maschine3userscreen\maschine3userscreen.github.base\maschine3userscreen\x64\debug\maschine.2dffa9a5.tlog\cl.command.1.tlog
w:\2026-03-23 maschine3userscreen\maschine3userscreen.github.base\maschine3userscreen\x64\debug\maschine.2dffa9a5.tlog\cl.items.tlog
w:\2026-03-23 maschine3userscreen\maschine3userscreen.github.base\maschine3userscreen\x64\debug\maschine.2dffa9a5.tlog\cl.read.1.tlog
w:\2026-03-23 maschine3userscreen\maschine3userscreen.github.base\maschine3userscreen\x64\debug\maschine.2dffa9a5.tlog\cl.write.1.tlog
w:\2026-03-23 maschine3userscreen\maschine3userscreen.github.base\maschine3userscreen\x64\debug\maschine.2dffa9a5.tlog\link.command.1.tlog
w:\2026-03-23 maschine3userscreen\maschine3userscreen.github.base\maschine3userscreen\x64\debug\maschine.2dffa9a5.tlog\link.read.1.tlog
w:\2026-03-23 maschine3userscreen\maschine3userscreen.github.base\maschine3userscreen\x64\debug\maschine.2dffa9a5.tlog\link.secondary.1.tlog
w:\2026-03-23 maschine3userscreen\maschine3userscreen.github.base\maschine3userscreen\x64\debug\maschine.2dffa9a5.tlog\link.write.1.tlog
